Info: Starting: Create block symbol file (.bsf)
Info: qsys-generate C:\Users\Bruce\Documents\GitHub\lab-5-who-put-a-system-on-my-chip-brucexi999\task6\pixel_xform_system.qsys --block-symbol-file --output-directory=C:\Users\Bruce\Documents\GitHub\lab-5-who-put-a-system-on-my-chip-brucexi999\task6\pixel_xform_system --family="Cyclone V" --part=5CSEMA5F31C6
Progress: Loading task6/pixel_xform_system.qsys
Progress: Reading input file
Progress: Adding LEDs [altera_avalon_pio 19.1]
Progress: Parameterizing module LEDs
Progress: Adding Pixel_Transformer_0 [Pixel_Transformer 1.0]
Progress: Parameterizing module Pixel_Transformer_0
Progress: Adding VGA_0 [VGA 1.0]
Progress: Parameterizing module VGA_0
Progress: Adding clk_0 [clock_source 19.1]
Progress: Parameterizing module clk_0
Progress: Adding counter_0 [counter 1.0]
Progress: Parameterizing module counter_0
Progress: Adding jtag_uart_0 [altera_avalon_jtag_uart 19.1]
Progress: Parameterizing module jtag_uart_0
Progress: Adding mult_0 [mult 1.0]
Progress: Parameterizing module mult_0
Progress: Adding nios2_gen2_0 [altera_nios2_gen2 19.1]
Progress: Parameterizing module nios2_gen2_0
Progress: Adding onchip_memory2_0 [altera_avalon_onchip_memory2 19.1]
Progress: Parameterizing module onchip_memory2_0
Progress: Adding switches [altera_avalon_pio 19.1]
Progress: Parameterizing module switches
Progress: Building connections
Progress: Parameterizing connections
Progress: Validating
Progress: Done reading input file
Info: pixel_xform_system.jtag_uart_0: JTAG UART IP input clock need to be at least double (2x) the operating frequency of JTAG TCK on board
Info: pixel_xform_system.switches: PIO inputs are not hardwired in test bench. Undefined values will be read from PIO inputs during simulation.
Info: qsys-generate succeeded.
Info: Finished: Create block symbol file (.bsf)
Info: 
Info: Starting: Create HDL design files for synthesis
Info: qsys-generate C:\Users\Bruce\Documents\GitHub\lab-5-who-put-a-system-on-my-chip-brucexi999\task6\pixel_xform_system.qsys --synthesis=VERILOG --output-directory=C:\Users\Bruce\Documents\GitHub\lab-5-who-put-a-system-on-my-chip-brucexi999\task6\pixel_xform_system\synthesis --family="Cyclone V" --part=5CSEMA5F31C6
Progress: Loading task6/pixel_xform_system.qsys
Progress: Reading input file
Progress: Adding LEDs [altera_avalon_pio 19.1]
Progress: Parameterizing module LEDs
Progress: Adding Pixel_Transformer_0 [Pixel_Transformer 1.0]
Progress: Parameterizing module Pixel_Transformer_0
Progress: Adding VGA_0 [VGA 1.0]
Progress: Parameterizing module VGA_0
Progress: Adding clk_0 [clock_source 19.1]
Progress: Parameterizing module clk_0
Progress: Adding counter_0 [counter 1.0]
Progress: Parameterizing module counter_0
Progress: Adding jtag_uart_0 [altera_avalon_jtag_uart 19.1]
Progress: Parameterizing module jtag_uart_0
Progress: Adding mult_0 [mult 1.0]
Progress: Parameterizing module mult_0
Progress: Adding nios2_gen2_0 [altera_nios2_gen2 19.1]
Progress: Parameterizing module nios2_gen2_0
Progress: Adding onchip_memory2_0 [altera_avalon_onchip_memory2 19.1]
Progress: Parameterizing module onchip_memory2_0
Progress: Adding switches [altera_avalon_pio 19.1]
Progress: Parameterizing module switches
Progress: Building connections
Progress: Parameterizing connections
Progress: Validating
Progress: Done reading input file
Info: pixel_xform_system.jtag_uart_0: JTAG UART IP input clock need to be at least double (2x) the operating frequency of JTAG TCK on board
Info: pixel_xform_system.switches: PIO inputs are not hardwired in test bench. Undefined values will be read from PIO inputs during simulation.
Info: pixel_xform_system: Generating pixel_xform_system "pixel_xform_system" for QUARTUS_SYNTH
Warning: pixel_xform_system: "No matching role found for nios2_gen2_0:custom_instruction_master:E_ci_multi_clock (clk)"
Warning: pixel_xform_system: "No matching role found for nios2_gen2_0:custom_instruction_master:E_ci_multi_reset_req (reset_req)"
Warning: pixel_xform_system: "No matching role found for nios2_gen2_0:custom_instruction_master:E_ci_multi_reset (reset)"
Info: LEDs: Starting RTL generation for module 'pixel_xform_system_LEDs'
Info: LEDs:   Generation command is [exec C:/intelfpga_lite/19.1/quartus/bin64/perl/bin/perl.exe -I C:/intelfpga_lite/19.1/quartus/sopc_builder/bin/europa -I C:/intelfpga_lite/19.1/quartus/sopc_builder/bin -I C:/intelfpga_lite/19.1/quartus/../ip/altera/sopc_builder_ip/common -I C:/intelfpga_lite/19.1/quartus/../ip/altera/sopc_builder_ip/altera_avalon_pio -- C:/intelfpga_lite/19.1/quartus/../ip/altera/sopc_builder_ip/altera_avalon_pio/generate_rtl.pl --name=pixel_xform_system_LEDs --dir=C:/Users/Bruce/AppData/Local/Temp/alt9093_4728697531676596151.dir/0217_LEDs_gen/ --quartus_dir=C:/intelfpga_lite/19.1/quartus --verilog --config=C:/Users/Bruce/AppData/Local/Temp/alt9093_4728697531676596151.dir/0217_LEDs_gen//pixel_xform_system_LEDs_component_configuration.pl  --do_build_sim=0  ]
Info: LEDs: Done RTL generation for module 'pixel_xform_system_LEDs'
Info: LEDs: "pixel_xform_system" instantiated altera_avalon_pio "LEDs"
Info: Pixel_Transformer_0: "pixel_xform_system" instantiated Pixel_Transformer "Pixel_Transformer_0"
Info: VGA_0: "pixel_xform_system" instantiated VGA "VGA_0"
Info: counter_0: "pixel_xform_system" instantiated counter "counter_0"
Info: jtag_uart_0: Starting RTL generation for module 'pixel_xform_system_jtag_uart_0'
Info: jtag_uart_0:   Generation command is [exec C:/intelfpga_lite/19.1/quartus/bin64/perl/bin/perl.exe -I C:/intelfpga_lite/19.1/quartus/sopc_builder/bin/europa -I C:/intelfpga_lite/19.1/quartus/sopc_builder/bin -I C:/intelfpga_lite/19.1/quartus/../ip/altera/sopc_builder_ip/common -I C:/intelfpga_lite/19.1/quartus/../ip/altera/sopc_builder_ip/altera_avalon_jtag_uart -- C:/intelfpga_lite/19.1/quartus/../ip/altera/sopc_builder_ip/altera_avalon_jtag_uart/generate_rtl.pl --name=pixel_xform_system_jtag_uart_0 --dir=C:/Users/Bruce/AppData/Local/Temp/alt9093_4728697531676596151.dir/0221_jtag_uart_0_gen/ --quartus_dir=C:/intelfpga_lite/19.1/quartus --verilog --config=C:/Users/Bruce/AppData/Local/Temp/alt9093_4728697531676596151.dir/0221_jtag_uart_0_gen//pixel_xform_system_jtag_uart_0_component_configuration.pl  --do_build_sim=0  ]
Info: jtag_uart_0: Done RTL generation for module 'pixel_xform_system_jtag_uart_0'
Info: jtag_uart_0: "pixel_xform_system" instantiated altera_avalon_jtag_uart "jtag_uart_0"
Info: mult_0: "pixel_xform_system" instantiated mult "mult_0"
Info: nios2_gen2_0: "pixel_xform_system" instantiated altera_nios2_gen2 "nios2_gen2_0"
Info: onchip_memory2_0: Starting RTL generation for module 'pixel_xform_system_onchip_memory2_0'
Info: onchip_memory2_0:   Generation command is [exec C:/intelfpga_lite/19.1/quartus/bin64/perl/bin/perl.exe -I C:/intelfpga_lite/19.1/quartus/sopc_builder/bin/europa -I C:/intelfpga_lite/19.1/quartus/sopc_builder/bin -I C:/intelfpga_lite/19.1/quartus/../ip/altera/sopc_builder_ip/common -I C:/intelfpga_lite/19.1/quartus/../ip/altera/sopc_builder_ip/altera_avalon_onchip_memory2 -- C:/intelfpga_lite/19.1/quartus/../ip/altera/sopc_builder_ip/altera_avalon_onchip_memory2/generate_rtl.pl --name=pixel_xform_system_onchip_memory2_0 --dir=C:/Users/Bruce/AppData/Local/Temp/alt9093_4728697531676596151.dir/0223_onchip_memory2_0_gen/ --quartus_dir=C:/intelfpga_lite/19.1/quartus --verilog --config=C:/Users/Bruce/AppData/Local/Temp/alt9093_4728697531676596151.dir/0223_onchip_memory2_0_gen//pixel_xform_system_onchip_memory2_0_component_configuration.pl  --do_build_sim=0  ]
Info: onchip_memory2_0: Done RTL generation for module 'pixel_xform_system_onchip_memory2_0'
Info: onchip_memory2_0: "pixel_xform_system" instantiated altera_avalon_onchip_memory2 "onchip_memory2_0"
Info: switches: Starting RTL generation for module 'pixel_xform_system_switches'
Info: switches:   Generation command is [exec C:/intelfpga_lite/19.1/quartus/bin64/perl/bin/perl.exe -I C:/intelfpga_lite/19.1/quartus/sopc_builder/bin/europa -I C:/intelfpga_lite/19.1/quartus/sopc_builder/bin -I C:/intelfpga_lite/19.1/quartus/../ip/altera/sopc_builder_ip/common -I C:/intelfpga_lite/19.1/quartus/../ip/altera/sopc_builder_ip/altera_avalon_pio -- C:/intelfpga_lite/19.1/quartus/../ip/altera/sopc_builder_ip/altera_avalon_pio/generate_rtl.pl --name=pixel_xform_system_switches --dir=C:/Users/Bruce/AppData/Local/Temp/alt9093_4728697531676596151.dir/0224_switches_gen/ --quartus_dir=C:/intelfpga_lite/19.1/quartus --verilog --config=C:/Users/Bruce/AppData/Local/Temp/alt9093_4728697531676596151.dir/0224_switches_gen//pixel_xform_system_switches_component_configuration.pl  --do_build_sim=0  ]
Info: switches: Done RTL generation for module 'pixel_xform_system_switches'
Info: switches: "pixel_xform_system" instantiated altera_avalon_pio "switches"
Info: nios2_gen2_0_custom_instruction_master_translator: "pixel_xform_system" instantiated altera_customins_master_translator "nios2_gen2_0_custom_instruction_master_translator"
Info: nios2_gen2_0_custom_instruction_master_comb_xconnect: "pixel_xform_system" instantiated altera_customins_xconnect "nios2_gen2_0_custom_instruction_master_comb_xconnect"
Info: nios2_gen2_0_custom_instruction_master_comb_slave_translator0: "pixel_xform_system" instantiated altera_customins_slave_translator "nios2_gen2_0_custom_instruction_master_comb_slave_translator0"
Info: avalon_st_adapter: Inserting error_adapter: error_adapter_0
Info: avalon_st_adapter_001: Inserting error_adapter: error_adapter_0
Info: avalon_st_adapter_002: Inserting error_adapter: error_adapter_0
Info: avalon_st_adapter_003: Inserting error_adapter: error_adapter_0
Info: avalon_st_adapter_004: Inserting error_adapter: error_adapter_0
Info: avalon_st_adapter_005: Inserting error_adapter: error_adapter_0
Info: avalon_st_adapter_006: Inserting error_adapter: error_adapter_0
Info: avalon_st_adapter_007: Inserting error_adapter: error_adapter_0
Info: mm_interconnect_0: "pixel_xform_system" instantiated altera_mm_interconnect "mm_interconnect_0"
Info: irq_mapper: "pixel_xform_system" instantiated altera_irq_mapper "irq_mapper"
Info: rst_controller: "pixel_xform_system" instantiated altera_reset_controller "rst_controller"
Info: cpu: Starting RTL generation for module 'pixel_xform_system_nios2_gen2_0_cpu'
Info: cpu:   Generation command is [exec C:/intelFPGA_lite/19.1/quartus/bin64//perl/bin/perl.exe -I C:/intelfpga_lite/19.1/quartus/sopc_builder/bin/europa -I C:/intelfpga_lite/19.1/quartus/sopc_builder/bin -I C:/intelfpga_lite/19.1/quartus/../ip/altera/nios2_ip/altera_nios2_gen2/cpu_lib -I C:/intelfpga_lite/19.1/quartus/../ip/altera/nios2_ip/altera_nios2_gen2/nios_lib -I C:/intelfpga_lite/19.1/quartus/../ip/altera/nios2_ip/altera_nios2_gen2 -I C:/intelfpga_lite/19.1/quartus/../ip/altera/nios2_ip/altera_nios2_gen2 -- C:/intelfpga_lite/19.1/quartus/../ip/altera/nios2_ip/altera_nios2_gen2/generate_rtl.pl --name=pixel_xform_system_nios2_gen2_0_cpu --dir=C:/Users/Bruce/AppData/Local/Temp/alt9093_4728697531676596151.dir/0230_cpu_gen/ --quartus_bindir=C:/intelFPGA_lite/19.1/quartus/bin64/ --verilog --config=C:/Users/Bruce/AppData/Local/Temp/alt9093_4728697531676596151.dir/0230_cpu_gen//pixel_xform_system_nios2_gen2_0_cpu_processor_configuration.pl  --do_build_sim=0  ]
Info: cpu: # 2022.04.10 20:29:16 (*) Starting Nios II generation
Info: cpu: # 2022.04.10 20:29:16 (*)   Elaborating CPU configuration settings
Info: cpu: # 2022.04.10 20:29:16 (*)   Creating all objects for CPU
Info: cpu: # 2022.04.10 20:29:17 (*)   Generating RTL from CPU objects
Info: cpu: # 2022.04.10 20:29:17 (*)   Creating plain-text RTL
Info: cpu: # 2022.04.10 20:29:17 (*) Done Nios II generation
Info: cpu: Done RTL generation for module 'pixel_xform_system_nios2_gen2_0_cpu'
Info: cpu: "nios2_gen2_0" instantiated altera_nios2_gen2_unit "cpu"
Info: Pixel_Transformer_0_avalon_master_translator: "mm_interconnect_0" instantiated altera_merlin_master_translator "Pixel_Transformer_0_avalon_master_translator"
Info: VGA_0_avalon_slave_0_translator: "mm_interconnect_0" instantiated altera_merlin_slave_translator "VGA_0_avalon_slave_0_translator"
Info: Pixel_Transformer_0_avalon_master_agent: "mm_interconnect_0" instantiated altera_merlin_master_agent "Pixel_Transformer_0_avalon_master_agent"
Info: VGA_0_avalon_slave_0_agent: "mm_interconnect_0" instantiated altera_merlin_slave_agent "VGA_0_avalon_slave_0_agent"
Info: VGA_0_avalon_slave_0_agent_rsp_fifo: "mm_interconnect_0" instantiated altera_avalon_sc_fifo "VGA_0_avalon_slave_0_agent_rsp_fifo"
Info: router: "mm_interconnect_0" instantiated altera_merlin_router "router"
Info: router_001: "mm_interconnect_0" instantiated altera_merlin_router "router_001"
Info: router_002: "mm_interconnect_0" instantiated altera_merlin_router "router_002"
Info: router_003: "mm_interconnect_0" instantiated altera_merlin_router "router_003"
Info: router_005: "mm_interconnect_0" instantiated altera_merlin_router "router_005"
Info: router_007: "mm_interconnect_0" instantiated altera_merlin_router "router_007"
Info: cmd_demux: "mm_interconnect_0" instantiated altera_merlin_demultiplexer "cmd_demux"
Info: cmd_demux_001: "mm_interconnect_0" instantiated altera_merlin_demultiplexer "cmd_demux_001"
Info: cmd_demux_002: "mm_interconnect_0" instantiated altera_merlin_demultiplexer "cmd_demux_002"
Info: cmd_mux: "mm_interconnect_0" instantiated altera_merlin_multiplexer "cmd_mux"
Info: cmd_mux_002: "mm_interconnect_0" instantiated altera_merlin_multiplexer "cmd_mux_002"
Info: Reusing file C:/Users/Bruce/Documents/GitHub/lab-5-who-put-a-system-on-my-chip-brucexi999/task6/pixel_xform_system/synthesis/submodules/altera_merlin_arbitrator.sv
Info: cmd_mux_004: "mm_interconnect_0" instantiated altera_merlin_multiplexer "cmd_mux_004"
Info: Reusing file C:/Users/Bruce/Documents/GitHub/lab-5-who-put-a-system-on-my-chip-brucexi999/task6/pixel_xform_system/synthesis/submodules/altera_merlin_arbitrator.sv
Info: rsp_demux: "mm_interconnect_0" instantiated altera_merlin_demultiplexer "rsp_demux"
Info: rsp_demux_004: "mm_interconnect_0" instantiated altera_merlin_demultiplexer "rsp_demux_004"
Info: rsp_mux: "mm_interconnect_0" instantiated altera_merlin_multiplexer "rsp_mux"
Info: Reusing file C:/Users/Bruce/Documents/GitHub/lab-5-who-put-a-system-on-my-chip-brucexi999/task6/pixel_xform_system/synthesis/submodules/altera_merlin_arbitrator.sv
Info: rsp_mux_001: "mm_interconnect_0" instantiated altera_merlin_multiplexer "rsp_mux_001"
Info: Reusing file C:/Users/Bruce/Documents/GitHub/lab-5-who-put-a-system-on-my-chip-brucexi999/task6/pixel_xform_system/synthesis/submodules/altera_merlin_arbitrator.sv
Info: rsp_mux_002: "mm_interconnect_0" instantiated altera_merlin_multiplexer "rsp_mux_002"
Info: Reusing file C:/Users/Bruce/Documents/GitHub/lab-5-who-put-a-system-on-my-chip-brucexi999/task6/pixel_xform_system/synthesis/submodules/altera_merlin_arbitrator.sv
Info: avalon_st_adapter: "mm_interconnect_0" instantiated altera_avalon_st_adapter "avalon_st_adapter"
Info: error_adapter_0: "avalon_st_adapter" instantiated error_adapter "error_adapter_0"
Info: pixel_xform_system: Done "pixel_xform_system" with 41 modules, 58 files
Info: qsys-generate succeeded.
Info: Finished: Create HDL design files for synthesis
